
 /----------------------------------------------------------------------------\
 |                                                                            |
 |  yosys -- Yosys Open SYnthesis Suite                                       |
 |                                                                            |
 |  Copyright (C) 2012 - 2020  Claire Xenia Wolf <claire@yosyshq.com>         |
 |                                                                            |
 |  Permission to use, copy, modify, and/or distribute this software for any  |
 |  purpose with or without fee is hereby granted, provided that the above    |
 |  copyright notice and this permission notice appear in all copies.         |
 |                                                                            |
 |  THE SOFTWARE IS PROVIDED "AS IS" AND THE AUTHOR DISCLAIMS ALL WARRANTIES  |
 |  WITH REGARD TO THIS SOFTWARE INCLUDING ALL IMPLIED WARRANTIES OF          |
 |  MERCHANTABILITY AND FITNESS. IN NO EVENT SHALL THE AUTHOR BE LIABLE FOR   |
 |  ANY SPECIAL, DIRECT, INDIRECT, OR CONSEQUENTIAL DAMAGES OR ANY DAMAGES    |
 |  WHATSOEVER RESULTING FROM LOSS OF USE, DATA OR PROFITS, WHETHER IN AN     |
 |  ACTION OF CONTRACT, NEGLIGENCE OR OTHER TORTIOUS ACTION, ARISING OUT OF   |
 |  OR IN CONNECTION WITH THE USE OR PERFORMANCE OF THIS SOFTWARE.            |
 |                                                                            |
 \----------------------------------------------------------------------------/

 Yosys 0.34+43 (git sha1 d21c464ae, clang 10.0.0-4ubuntu1 -fPIC -Os)


-- Executing script file `design_smt2.ys' --

1. Executing RTLIL frontend.
Input filename: design_prep.il

2. Executing HIERARCHY pass (managing design hierarchy).

2.1. Analyzing design hierarchy..
Top module:  \sec_wrapper
Used module:     \revised
Used module:     \gold

2.2. Analyzing design hierarchy..
Top module:  \sec_wrapper
Used module:     \revised
Used module:     \gold
Removed 0 unused modules.
Module sec_wrapper directly or indirectly contains formal properties -> setting "keep" attribute.

3. Executing FORMALFF pass.

4. Executing DFFUNMAP pass (unmap clock enable and synchronous reset from FFs).

5. Printing statistics.

=== sec_wrapper ===

   Number of wires:                101
   Number of wire bits:           1928
   Number of public wires:          56
   Number of public wire bits:    1127
   Number of memories:               0
   Number of memory bits:            0
   Number of processes:              0
   Number of cells:                 91
     $anyinit                       29
     $anyseq                         7
     $assert                         5
     $assume                         2
     $eq                             5
     $ff                             3
     $logic_and                      1
     $logic_not                      1
     $mux                           35
     $not                            1
     gold                            1
     revised                         1

=== revised ===

   Number of wires:                108
   Number of wire bits:           4587
   Number of public wires:          30
   Number of public wire bits:    1115
   Number of memories:               0
   Number of memory bits:            0
   Number of processes:              0
   Number of cells:                 97
     $add                           12
     $anyinit                       16
     $assume                         1
     $eq                             2
     $logic_not                      1
     $mux                           50
     $not                            1
     $pmux                           1
     $reduce_or                      1
     $xor                           12

=== gold ===

   Number of wires:                 81
   Number of wire bits:           2972
   Number of public wires:          22
   Number of public wire bits:     498
   Number of memories:               0
   Number of memory bits:            0
   Number of processes:              0
   Number of cells:                 69
     $add                           23
     $anyinit                        3
     $assume                         1
     $eq                             2
     $logic_not                      1
     $mux                           24
     $not                            1
     $pmux                           1
     $reduce_or                      1
     $xor                           12

=== design hierarchy ===

   sec_wrapper                       1
     gold                            1
     revised                         1

   Number of wires:                290
   Number of wire bits:           9487
   Number of public wires:         108
   Number of public wire bits:    2740
   Number of memories:               0
   Number of memory bits:            0
   Number of processes:              0
   Number of cells:                255
     $add                           35
     $anyinit                       48
     $anyseq                         7
     $assert                         5
     $assume                         4
     $eq                             9
     $ff                             3
     $logic_and                      1
     $logic_not                      3
     $mux                          109
     $not                            3
     $pmux                           2
     $reduce_or                      2
     $xor                           24

6. Executing SMT2 backend.

6.1. Executing BMUXMAP pass.

6.2. Executing DEMUXMAP pass.
Creating SMT-LIBv2 representation of module gold.
Creating SMT-LIBv2 representation of module revised.
Creating SMT-LIBv2 representation of module sec_wrapper.

End of script. Logfile hash: b7faa3b6e1, CPU: user 0.03s system 0.01s, MEM: 12.38 MB peak
Yosys 0.34+43 (git sha1 d21c464ae, clang 10.0.0-4ubuntu1 -fPIC -Os)
Time spent: 84% 2x write_smt2 (0 sec), 13% 2x read_ilang (0 sec), ...
